[softek.radiantthemes.com/home-version-one/index.html]
[softek.radiantthemes.com/wp-content/plugins/litespeed-cache/assets/js/webfontloader.min.js]
[backblue.gif]
[fade.gif]
[index.html]
[softek.radiantthemes.com/wp-includes/js/jquery/jquery.min.js]
[softek.radiantthemes.com/wp-content/uploads/2020/11/Fab_icon.png]
[softek.radiantthemes.com/wp-content/litespeed/cssjs/9b926a640.css]
[softek.radiantthemes.com/wp-content/uploads/2020/09/Logo_Black.png]
[softek.radiantthemes.com/wp-content/uploads/2021/04/Logo_Black.png]
[softek.radiantthemes.com/wp-content/plugins/revslider/public/assets/assets/dummy.png]
[softek.radiantthemes.com/wp-content/uploads/2021/04/Ban12.png]
[softek.radiantthemes.com/wp-content/uploads/2020/10/Case01.jpg]
[softek.radiantthemes.com/wp-content/uploads/2020/09/Case03.jpg]
[softek.radiantthemes.com/wp-content/uploads/2020/10/Case02.jpg]
[softek.radiantthemes.com/wp-content/uploads/2020/11/02-blog-768x446.jpg]
[softek.radiantthemes.com/wp-content/uploads/2020/11/08-blog-768x446.jpg]
[softek.radiantthemes.com/wp-content/uploads/2020/11/05-blog-768x446.jpg]
[softek.radiantthemes.com/wp-content/uploads/2020/11/06-blog-768x446.jpg]
[softek.radiantthemes.com/wp-content/uploads/2021/04/Ban02.png]
[softek.radiantthemes.com/wp-content/uploads/2021/04/Img01.png]
[softek.radiantthemes.com/wp-content/uploads/2021/04/Img02.png]
[softek.radiantthemes.com/wp-content/uploads/2021/04/P-05.png]
[softek.radiantthemes.com/wp-content/uploads/2020/09/Img07.png]
[softek.radiantthemes.com/wp-content/uploads/2020/09/logo.png]
[softek.radiantthemes.com/wp-content/uploads/2020/09/digi-marketing-img11.png]
[softek.radiantthemes.com/wp-content/plugins/litespeed-cache/assets/js/instant_click.min.js]
[softek.radiantthemes.com/home-version-one/index.html]
[softek.radiantthemes.com/wp-content/plugins/litespeed-cache/assets/js/webfontloader.min.js]
[softek.radiantthemes.com/wp-content/plugins/instagram-feed/img/small-logo.png]
[softek.radiantthemes.com/wp-content/litespeed/cssjs/ab1946435.js]
[softek.radiantthemes.com/wp-content/themes/softek/assets/images/icon.png]
[softek.radiantthemes.com/wp-content/themes/softek/assets/images/tick.png]
[softek.radiantthemes.com/wp-content/themes/softek/assets/css/images/single.jpg]
[softek.radiantthemes.com/wp-content/themes/softek/assets/images/expand.png]
[softek.radiantthemes.com/wp-content/themes/softek/assets/preview/images/new-badge.png]
[softek.radiantthemes.com/wp-content/themes/softek/assets/images/sub-button.png]
[softek.radiantthemes.com/wp-content/uploads/2021/04/Ban03.png]
[softek.radiantthemes.com/wp-content/uploads/2021/04/Ban21.png]
[softek.radiantthemes.com/wp-content/uploads/2021/04/19.png]
[softek.radiantthemes.com/wp-content/uploads/2020/11/coming-soon-2.jpg]
[softek.radiantthemes.com/wp-content/plugins/revslider/public/assets/assets/gridtile_white.png]
[softek.radiantthemes.com/wp-content/plugins/revslider/public/assets/assets/gridtile_3x3.png]
[softek.radiantthemes.com/wp-content/plugins/revslider/public/assets/assets/gridtile_3x3_white.png]
[softek.radiantthemes.com/wp-content/plugins/revslider/public/assets/assets/coloredbg.png]
[softek.radiantthemes.com/wp-content/plugins/revslider/public/assets/assets/loader.gif]
[softek.radiantthemes.com/wp-content/litespeed/cssjs/9b926a640.css]
[softek.radiantthemes.com/wp-includes/js/jquery/jquery.min.js]
[softek.radiantthemes.com/wp-content/plugins/litespeed-cache/assets/js/instant_click.min.js]
[softek.radiantthemes.com/wp-content/uploads/2021/04/Ban20.png]
[softek.radiantthemes.com/wp-content/uploads/2021/04/Ban13.png]
[softek.radiantthemes.com/home-version-one/dummy.png]
[softek.radiantthemes.com/home-version-one/images/transparent.png]
[softek.radiantthemes.com/home-version-one/assets/transparent.png]
[player.vimeo.com/api/player.js]
[softek.radiantthemes.com/home-version-one/popper.js]
[softek.radiantthemes.com/home-version-one/Trident/index.html]
[softek.radiantthemes.com/home-version-one/Edge/index.html]
[softek.radiantthemes.com/home-version-one/Gecko/index.html]
[softek.radiantthemes.com/home-version-one/Firefox/index.html]
[softek.radiantthemes.com/home-version-one/Version/index.html]
[softek.radiantthemes.com/home-version-one/version/index-2.html]
[softek.radiantthemes.com/home-version-one/-negative.svg]
[softek.radiantthemes.com/wp-content/litespeed/cssjs/ab1946435.js]
[softek.radiantthemes.com/wp-content/themes/softek/assets/images/icon.html]
[softek.radiantthemes.com/wp-content/themes/softek/assets/css/images/single.html]
[softek.radiantthemes.com/wp-content/themes/softek/assets/images/expand.html]
[softek.radiantthemes.com/wp-content/themes/softek/assets/preview/images/new-badge.html]
[softek.radiantthemes.com/home-version-one/dummy.html]
[softek.radiantthemes.com/home-version-one/images/transparent.html]
[softek.radiantthemes.com/home-version-one/assets/transparent.html]
[softek.radiantthemes.com/home-version-one/origin=https_/index.html]
[softek.radiantthemes.com/home-version-one/Trident/index.html]
[softek.radiantthemes.com/home-version-one/Edge/index.html]
[softek.radiantthemes.com/home-version-one/Gecko/index.html]
[softek.radiantthemes.com/home-version-one/Firefox/index.html]
[softek.radiantthemes.com/home-version-one/Version/index.html]
[softek.radiantthemes.com/home-version-one/version/index-2.html]
[softek.radiantthemes.com/home-version-one/popper.html]
[softek.radiantthemes.com/home-version-one/-negative.html]
[softek.radiantthemes.com/wp-content/uploads/2021/04/Img_13.png]
[softek.radiantthemes.com/wp-content/plugins/revslider/public/assets/assets/gridtile.png]
[softek.radiantthemes.com/home-version-one/HEAD]
